// Jest Snapshot v1, https://goo.gl/fbAQLP

exports[`[gatsby-source-wordpress-experimental] filtered type definitions Date field resolver is working 1`] = `
Object {
  "data": Object {
    "wpPage": Object {
      "databaseId": 2,
      "date": "2020-02-25T17:54:21",
      "dateGmt": "2020-02-25T17:54:21",
      "dayOfMonth": "25",
      "dayOfMonthGmt": "25",
      "dayOfWeekName": "Tuesday",
      "dayOfWeekNameGmt": "Tuesday",
      "dayOfWeekNumber": "2",
      "dayOfWeekNumberGmt": "2",
      "id": "cG9zdDoy",
      "month": "February",
      "monthGmt": "February",
      "year": "2020",
      "yearGmt": "2020",
    },
  },
  "extensions": Object {},
}
`;
