// Jest Snapshot v1, https://goo.gl/fbAQLP

exports[`[gatsby-source-wordpress-experimental] Gatsby image processing transforms inline-html images properly 1`] = `
"
<figure class=\\"wp-block-image size-large\\"><span class=\\"wp-image-95 inline-gatsby-image-wrapper gatsby-image-wrapper\\" style=\\"position:relative;overflow:hidden;max-width:100%;width:1024px\\" data-reactroot=\\"\\"><span aria-hidden=\\"true\\" style=\\"width:100%;padding-bottom:66.796875%\\"></span><img aria-hidden=\\"true\\" src=\\"data:image/jpeg;base64,/9j/2wBDABALDA4MChAODQ4SERATGCgaGBYWGDEjJR0oOjM9PDkzODdASFxOQERXRTc4UG1RV19iZ2hnPk1xeXBkeFxlZ2P/2wBDARESEhgVGC8aGi9jQjhCY2NjY2NjY2NjY2NjY2NjY2NjY2NjY2NjY2NjY2NjY2NjY2NjY2NjY2NjY2NjY2NjY2P/wgARCAANABQDASIAAhEBAxEB/8QAFgABAQEAAAAAAAAAAAAAAAAAAAQD/8QAFQEBAQAAAAAAAAAAAAAAAAAAAQL/2gAMAwEAAhADEAAAAYNcbGYAn//EABoQAAIDAQEAAAAAAAAAAAAAAAECAAMRECH/2gAIAQEAAQUCAjLnK/WuGCf/xAAXEQADAQAAAAAAAAAAAAAAAAAAARET/9oACAEDAQE/Ac6qQ//EABcRAAMBAAAAAAAAAAAAAAAAAAEQERP/2gAIAQIBAT8B0hi//8QAFBABAAAAAAAAAAAAAAAAAAAAIP/aAAgBAQAGPwJf/8QAGBAAAwEBAAAAAAAAAAAAAAAAAAERIWH/2gAIAQEAAT8hU2KjqGtMCJ20h//aAAwDAQACAAMAAAAQdA//xAAXEQADAQAAAAAAAAAAAAAAAAAAAREh/9oACAEDAQE/EN1ic//EABcRAAMBAAAAAAAAAAAAAAAAAAABEUH/2gAIAQIBAT8QhGyn/8QAGRAAAwEBAQAAAAAAAAAAAAAAAAERMSFB/9oACAEBAAE/EFJC+ldOYKwXXlZwro16Onp//9k=\\" alt=\\"\\" style=\\"position:absolute;top:0;left:0;width:100%;height:100%;object-fit:cover;object-position:center;opacity:0;transition-delay:500ms\\"/><picture><source srcSet=\\"/static/d48dfc77ee2f40d5eb835c6d6e3b594f/b95e4/aperture-vintage-346923-unsplash-scaled.jpg 256w,
/static/d48dfc77ee2f40d5eb835c6d6e3b594f/1779b/aperture-vintage-346923-unsplash-scaled.jpg 512w,
/static/d48dfc77ee2f40d5eb835c6d6e3b594f/87945/aperture-vintage-346923-unsplash-scaled.jpg 1024w,
/static/d48dfc77ee2f40d5eb835c6d6e3b594f/6afe2/aperture-vintage-346923-unsplash-scaled.jpg 1536w,
/static/d48dfc77ee2f40d5eb835c6d6e3b594f/7a411/aperture-vintage-346923-unsplash-scaled.jpg 2048w,
/static/d48dfc77ee2f40d5eb835c6d6e3b594f/bb9a8/aperture-vintage-346923-unsplash-scaled.jpg 2560w\\" sizes=\\"(max-width: 1024px) 100vw, 1024px\\"/><img sizes=\\"(max-width: 1024px) 100vw, 1024px\\" srcSet=\\"/static/d48dfc77ee2f40d5eb835c6d6e3b594f/b95e4/aperture-vintage-346923-unsplash-scaled.jpg 256w,
/static/d48dfc77ee2f40d5eb835c6d6e3b594f/1779b/aperture-vintage-346923-unsplash-scaled.jpg 512w,
/static/d48dfc77ee2f40d5eb835c6d6e3b594f/87945/aperture-vintage-346923-unsplash-scaled.jpg 1024w,
/static/d48dfc77ee2f40d5eb835c6d6e3b594f/6afe2/aperture-vintage-346923-unsplash-scaled.jpg 1536w,
/static/d48dfc77ee2f40d5eb835c6d6e3b594f/7a411/aperture-vintage-346923-unsplash-scaled.jpg 2048w,
/static/d48dfc77ee2f40d5eb835c6d6e3b594f/bb9a8/aperture-vintage-346923-unsplash-scaled.jpg 2560w\\" src=\\"/static/d48dfc77ee2f40d5eb835c6d6e3b594f/87945/aperture-vintage-346923-unsplash-scaled.jpg\\" alt=\\"\\" loading=\\"eager\\" style=\\"position:absolute;top:0;left:0;width:100%;height:100%;object-fit:cover;object-position:center;opacity:1;transition:opacity 500ms\\"/></picture><noscript><picture><source srcset=\\"/static/d48dfc77ee2f40d5eb835c6d6e3b594f/b95e4/aperture-vintage-346923-unsplash-scaled.jpg 256w,
/static/d48dfc77ee2f40d5eb835c6d6e3b594f/1779b/aperture-vintage-346923-unsplash-scaled.jpg 512w,
/static/d48dfc77ee2f40d5eb835c6d6e3b594f/87945/aperture-vintage-346923-unsplash-scaled.jpg 1024w,
/static/d48dfc77ee2f40d5eb835c6d6e3b594f/6afe2/aperture-vintage-346923-unsplash-scaled.jpg 1536w,
/static/d48dfc77ee2f40d5eb835c6d6e3b594f/7a411/aperture-vintage-346923-unsplash-scaled.jpg 2048w,
/static/d48dfc77ee2f40d5eb835c6d6e3b594f/bb9a8/aperture-vintage-346923-unsplash-scaled.jpg 2560w\\" sizes=\\"(max-width: 1024px) 100vw, 1024px\\" /><img loading=\\"eager\\" sizes=\\"(max-width: 1024px) 100vw, 1024px\\" srcset=\\"/static/d48dfc77ee2f40d5eb835c6d6e3b594f/b95e4/aperture-vintage-346923-unsplash-scaled.jpg 256w,
/static/d48dfc77ee2f40d5eb835c6d6e3b594f/1779b/aperture-vintage-346923-unsplash-scaled.jpg 512w,
/static/d48dfc77ee2f40d5eb835c6d6e3b594f/87945/aperture-vintage-346923-unsplash-scaled.jpg 1024w,
/static/d48dfc77ee2f40d5eb835c6d6e3b594f/6afe2/aperture-vintage-346923-unsplash-scaled.jpg 1536w,
/static/d48dfc77ee2f40d5eb835c6d6e3b594f/7a411/aperture-vintage-346923-unsplash-scaled.jpg 2048w,
/static/d48dfc77ee2f40d5eb835c6d6e3b594f/bb9a8/aperture-vintage-346923-unsplash-scaled.jpg 2560w\\" src=\\"/static/d48dfc77ee2f40d5eb835c6d6e3b594f/87945/aperture-vintage-346923-unsplash-scaled.jpg\\" alt=\\"\\" style=\\"position:absolute;top:0;left:0;opacity:1;width:100%;height:100%;object-fit:cover;object-position:center\\"/></picture></noscript></span></figure>



<figure class=\\"wp-block-image size-large\\"><span class=\\"wp-image-95 inline-gatsby-image-wrapper gatsby-image-wrapper\\" style=\\"position:relative;overflow:hidden;max-width:100%;width:1024px\\" data-reactroot=\\"\\"><span aria-hidden=\\"true\\" style=\\"width:100%;padding-bottom:66.796875%\\"></span><img aria-hidden=\\"true\\" src=\\"data:image/jpeg;base64,/9j/2wBDABALDA4MChAODQ4SERATGCgaGBYWGDEjJR0oOjM9PDkzODdASFxOQERXRTc4UG1RV19iZ2hnPk1xeXBkeFxlZ2P/2wBDARESEhgVGC8aGi9jQjhCY2NjY2NjY2NjY2NjY2NjY2NjY2NjY2NjY2NjY2NjY2NjY2NjY2NjY2NjY2NjY2NjY2P/wgARCAANABQDASIAAhEBAxEB/8QAFgABAQEAAAAAAAAAAAAAAAAAAAQD/8QAFQEBAQAAAAAAAAAAAAAAAAAAAQL/2gAMAwEAAhADEAAAAYNcbGYAn//EABoQAAIDAQEAAAAAAAAAAAAAAAECAAMRECH/2gAIAQEAAQUCAjLnK/WuGCf/xAAXEQADAQAAAAAAAAAAAAAAAAAAARET/9oACAEDAQE/Ac6qQ//EABcRAAMBAAAAAAAAAAAAAAAAAAEQERP/2gAIAQIBAT8B0hi//8QAFBABAAAAAAAAAAAAAAAAAAAAIP/aAAgBAQAGPwJf/8QAGBAAAwEBAAAAAAAAAAAAAAAAAAERIWH/2gAIAQEAAT8hU2KjqGtMCJ20h//aAAwDAQACAAMAAAAQdA//xAAXEQADAQAAAAAAAAAAAAAAAAAAAREh/9oACAEDAQE/EN1ic//EABcRAAMBAAAAAAAAAAAAAAAAAAABEUH/2gAIAQIBAT8QhGyn/8QAGRAAAwEBAQAAAAAAAAAAAAAAAAERMSFB/9oACAEBAAE/EFJC+ldOYKwXXlZwro16Onp//9k=\\" alt=\\"\\" style=\\"position:absolute;top:0;left:0;width:100%;height:100%;object-fit:cover;object-position:center;opacity:0;transition-delay:500ms\\"/><picture><source srcSet=\\"/static/d48dfc77ee2f40d5eb835c6d6e3b594f/b95e4/aperture-vintage-346923-unsplash-scaled.jpg 256w,
/static/d48dfc77ee2f40d5eb835c6d6e3b594f/1779b/aperture-vintage-346923-unsplash-scaled.jpg 512w,
/static/d48dfc77ee2f40d5eb835c6d6e3b594f/87945/aperture-vintage-346923-unsplash-scaled.jpg 1024w,
/static/d48dfc77ee2f40d5eb835c6d6e3b594f/6afe2/aperture-vintage-346923-unsplash-scaled.jpg 1536w,
/static/d48dfc77ee2f40d5eb835c6d6e3b594f/7a411/aperture-vintage-346923-unsplash-scaled.jpg 2048w,
/static/d48dfc77ee2f40d5eb835c6d6e3b594f/bb9a8/aperture-vintage-346923-unsplash-scaled.jpg 2560w\\" sizes=\\"(max-width: 1024px) 100vw, 1024px\\"/><img sizes=\\"(max-width: 1024px) 100vw, 1024px\\" srcSet=\\"/static/d48dfc77ee2f40d5eb835c6d6e3b594f/b95e4/aperture-vintage-346923-unsplash-scaled.jpg 256w,
/static/d48dfc77ee2f40d5eb835c6d6e3b594f/1779b/aperture-vintage-346923-unsplash-scaled.jpg 512w,
/static/d48dfc77ee2f40d5eb835c6d6e3b594f/87945/aperture-vintage-346923-unsplash-scaled.jpg 1024w,
/static/d48dfc77ee2f40d5eb835c6d6e3b594f/6afe2/aperture-vintage-346923-unsplash-scaled.jpg 1536w,
/static/d48dfc77ee2f40d5eb835c6d6e3b594f/7a411/aperture-vintage-346923-unsplash-scaled.jpg 2048w,
/static/d48dfc77ee2f40d5eb835c6d6e3b594f/bb9a8/aperture-vintage-346923-unsplash-scaled.jpg 2560w\\" src=\\"/static/d48dfc77ee2f40d5eb835c6d6e3b594f/87945/aperture-vintage-346923-unsplash-scaled.jpg\\" alt=\\"\\" loading=\\"eager\\" style=\\"position:absolute;top:0;left:0;width:100%;height:100%;object-fit:cover;object-position:center;opacity:1;transition:opacity 500ms\\"/></picture><noscript><picture><source srcset=\\"/static/d48dfc77ee2f40d5eb835c6d6e3b594f/b95e4/aperture-vintage-346923-unsplash-scaled.jpg 256w,
/static/d48dfc77ee2f40d5eb835c6d6e3b594f/1779b/aperture-vintage-346923-unsplash-scaled.jpg 512w,
/static/d48dfc77ee2f40d5eb835c6d6e3b594f/87945/aperture-vintage-346923-unsplash-scaled.jpg 1024w,
/static/d48dfc77ee2f40d5eb835c6d6e3b594f/6afe2/aperture-vintage-346923-unsplash-scaled.jpg 1536w,
/static/d48dfc77ee2f40d5eb835c6d6e3b594f/7a411/aperture-vintage-346923-unsplash-scaled.jpg 2048w,
/static/d48dfc77ee2f40d5eb835c6d6e3b594f/bb9a8/aperture-vintage-346923-unsplash-scaled.jpg 2560w\\" sizes=\\"(max-width: 1024px) 100vw, 1024px\\" /><img loading=\\"eager\\" sizes=\\"(max-width: 1024px) 100vw, 1024px\\" srcset=\\"/static/d48dfc77ee2f40d5eb835c6d6e3b594f/b95e4/aperture-vintage-346923-unsplash-scaled.jpg 256w,
/static/d48dfc77ee2f40d5eb835c6d6e3b594f/1779b/aperture-vintage-346923-unsplash-scaled.jpg 512w,
/static/d48dfc77ee2f40d5eb835c6d6e3b594f/87945/aperture-vintage-346923-unsplash-scaled.jpg 1024w,
/static/d48dfc77ee2f40d5eb835c6d6e3b594f/6afe2/aperture-vintage-346923-unsplash-scaled.jpg 1536w,
/static/d48dfc77ee2f40d5eb835c6d6e3b594f/7a411/aperture-vintage-346923-unsplash-scaled.jpg 2048w,
/static/d48dfc77ee2f40d5eb835c6d6e3b594f/bb9a8/aperture-vintage-346923-unsplash-scaled.jpg 2560w\\" src=\\"/static/d48dfc77ee2f40d5eb835c6d6e3b594f/87945/aperture-vintage-346923-unsplash-scaled.jpg\\" alt=\\"\\" style=\\"position:absolute;top:0;left:0;opacity:1;width:100%;height:100%;object-fit:cover;object-position:center\\"/></picture></noscript></span></figure>
"
`;

exports[`[gatsby-source-wordpress-experimental] Gatsby image processing transforms inline-html images properly 2`] = `
"
<figure class=\\"wp-block-image size-large\\"><span class=\\"wp-image-9210 inline-gatsby-image-wrapper gatsby-image-wrapper\\" style=\\"position:relative;overflow:hidden;max-width:100%;width:1024px\\" data-reactroot=\\"\\"><span aria-hidden=\\"true\\" style=\\"width:100%;padding-bottom:66.796875%\\"></span><img aria-hidden=\\"true\\" src=\\"data:image/jpeg;base64,/9j/2wBDABALDA4MChAODQ4SERATGCgaGBYWGDEjJR0oOjM9PDkzODdASFxOQERXRTc4UG1RV19iZ2hnPk1xeXBkeFxlZ2P/2wBDARESEhgVGC8aGi9jQjhCY2NjY2NjY2NjY2NjY2NjY2NjY2NjY2NjY2NjY2NjY2NjY2NjY2NjY2NjY2NjY2NjY2P/wgARCAANABQDASIAAhEBAxEB/8QAFgABAQEAAAAAAAAAAAAAAAAABAAF/8QAFQEBAQAAAAAAAAAAAAAAAAAAAAH/2gAMAwEAAhADEAAAAdQr8eBxo//EABkQAQEAAwEAAAAAAAAAAAAAAAECAAMREv/aAAgBAQABBQIkxa91D3N+9C7br//EABURAQEAAAAAAAAAAAAAAAAAAAAR/9oACAEDAQE/AVf/xAAUEQEAAAAAAAAAAAAAAAAAAAAQ/9oACAECAQE/AT//xAAdEAACAQQDAAAAAAAAAAAAAAAAARECECExEiJR/9oACAEBAAY/Ap4pMbaxToy4t1UP0mrZ/8QAGhABAAIDAQAAAAAAAAAAAAAAAQARITFhQf/aAAgBAQABPyE6dyEZQWrqVm0ahPcBWUSNan//2gAMAwEAAgADAAAAEEgf/8QAFhEBAQEAAAAAAAAAAAAAAAAAAAEh/9oACAEDAQE/EJin/8QAFxEAAwEAAAAAAAAAAAAAAAAAAAERIf/aAAgBAgEBPxBrCH//xAAaEAEBAAMBAQAAAAAAAAAAAAABEQAhMVGR/9oACAEBAAE/EDi+NCJe7w3bFO2O8EgMESGvcqF7jEVobUPmJVgrzhM//9k=\\" alt=\\"\\" style=\\"position:absolute;top:0;left:0;width:100%;height:100%;object-fit:cover;object-position:center;opacity:0;transition-delay:500ms\\"/><picture><source srcSet=\\"/static/10c24fa98787424af0f35941810fe96d/b95e4/windows-W1N58KDE8r0-unsplash-scaled-e1600819062167.jpg 256w,
/static/10c24fa98787424af0f35941810fe96d/1779b/windows-W1N58KDE8r0-unsplash-scaled-e1600819062167.jpg 512w,
/static/10c24fa98787424af0f35941810fe96d/87945/windows-W1N58KDE8r0-unsplash-scaled-e1600819062167.jpg 1024w,
/static/10c24fa98787424af0f35941810fe96d/6afe2/windows-W1N58KDE8r0-unsplash-scaled-e1600819062167.jpg 1536w,
/static/10c24fa98787424af0f35941810fe96d/7a411/windows-W1N58KDE8r0-unsplash-scaled-e1600819062167.jpg 2048w,
/static/10c24fa98787424af0f35941810fe96d/bb9a8/windows-W1N58KDE8r0-unsplash-scaled-e1600819062167.jpg 2560w\\" sizes=\\"(max-width: 1024px) 100vw, 1024px\\"/><img sizes=\\"(max-width: 1024px) 100vw, 1024px\\" srcSet=\\"/static/10c24fa98787424af0f35941810fe96d/b95e4/windows-W1N58KDE8r0-unsplash-scaled-e1600819062167.jpg 256w,
/static/10c24fa98787424af0f35941810fe96d/1779b/windows-W1N58KDE8r0-unsplash-scaled-e1600819062167.jpg 512w,
/static/10c24fa98787424af0f35941810fe96d/87945/windows-W1N58KDE8r0-unsplash-scaled-e1600819062167.jpg 1024w,
/static/10c24fa98787424af0f35941810fe96d/6afe2/windows-W1N58KDE8r0-unsplash-scaled-e1600819062167.jpg 1536w,
/static/10c24fa98787424af0f35941810fe96d/7a411/windows-W1N58KDE8r0-unsplash-scaled-e1600819062167.jpg 2048w,
/static/10c24fa98787424af0f35941810fe96d/bb9a8/windows-W1N58KDE8r0-unsplash-scaled-e1600819062167.jpg 2560w\\" src=\\"/static/10c24fa98787424af0f35941810fe96d/87945/windows-W1N58KDE8r0-unsplash-scaled-e1600819062167.jpg\\" alt=\\"\\" loading=\\"eager\\" style=\\"position:absolute;top:0;left:0;width:100%;height:100%;object-fit:cover;object-position:center;opacity:1;transition:opacity 500ms\\"/></picture><noscript><picture><source srcset=\\"/static/10c24fa98787424af0f35941810fe96d/b95e4/windows-W1N58KDE8r0-unsplash-scaled-e1600819062167.jpg 256w,
/static/10c24fa98787424af0f35941810fe96d/1779b/windows-W1N58KDE8r0-unsplash-scaled-e1600819062167.jpg 512w,
/static/10c24fa98787424af0f35941810fe96d/87945/windows-W1N58KDE8r0-unsplash-scaled-e1600819062167.jpg 1024w,
/static/10c24fa98787424af0f35941810fe96d/6afe2/windows-W1N58KDE8r0-unsplash-scaled-e1600819062167.jpg 1536w,
/static/10c24fa98787424af0f35941810fe96d/7a411/windows-W1N58KDE8r0-unsplash-scaled-e1600819062167.jpg 2048w,
/static/10c24fa98787424af0f35941810fe96d/bb9a8/windows-W1N58KDE8r0-unsplash-scaled-e1600819062167.jpg 2560w\\" sizes=\\"(max-width: 1024px) 100vw, 1024px\\" /><img loading=\\"eager\\" sizes=\\"(max-width: 1024px) 100vw, 1024px\\" srcset=\\"/static/10c24fa98787424af0f35941810fe96d/b95e4/windows-W1N58KDE8r0-unsplash-scaled-e1600819062167.jpg 256w,
/static/10c24fa98787424af0f35941810fe96d/1779b/windows-W1N58KDE8r0-unsplash-scaled-e1600819062167.jpg 512w,
/static/10c24fa98787424af0f35941810fe96d/87945/windows-W1N58KDE8r0-unsplash-scaled-e1600819062167.jpg 1024w,
/static/10c24fa98787424af0f35941810fe96d/6afe2/windows-W1N58KDE8r0-unsplash-scaled-e1600819062167.jpg 1536w,
/static/10c24fa98787424af0f35941810fe96d/7a411/windows-W1N58KDE8r0-unsplash-scaled-e1600819062167.jpg 2048w,
/static/10c24fa98787424af0f35941810fe96d/bb9a8/windows-W1N58KDE8r0-unsplash-scaled-e1600819062167.jpg 2560w\\" src=\\"/static/10c24fa98787424af0f35941810fe96d/87945/windows-W1N58KDE8r0-unsplash-scaled-e1600819062167.jpg\\" alt=\\"\\" style=\\"position:absolute;top:0;left:0;opacity:1;width:100%;height:100%;object-fit:cover;object-position:center\\"/></picture></noscript></span></figure>
"
`;

exports[`[gatsby-source-wordpress-experimental] Gatsby image processing transforms inline-html images properly 3`] = `
"
<figure class=\\"wp-block-image size-large\\"><span class=\\"wp-image-9204 inline-gatsby-image-wrapper gatsby-image-wrapper\\" style=\\"position:relative;overflow:hidden;max-width:100%;width:1024px\\" data-reactroot=\\"\\"><span aria-hidden=\\"true\\" style=\\"width:100%;padding-bottom:150%\\"></span><img aria-hidden=\\"true\\" src=\\"data:image/jpeg;base64,/9j/2wBDABALDA4MChAODQ4SERATGCgaGBYWGDEjJR0oOjM9PDkzODdASFxOQERXRTc4UG1RV19iZ2hnPk1xeXBkeFxlZ2P/2wBDARESEhgVGC8aGi9jQjhCY2NjY2NjY2NjY2NjY2NjY2NjY2NjY2NjY2NjY2NjY2NjY2NjY2NjY2NjY2NjY2NjY2P/wgARCAAeABQDASIAAhEBAxEB/8QAGAAAAwEBAAAAAAAAAAAAAAAAAAMEAQX/xAAWAQEBAQAAAAAAAAAAAAAAAAAAAgH/2gAMAwEAAhADEAAAAY6bFzsZ0xtmamoUSh//xAAdEAACAgMAAwAAAAAAAAAAAAACAwABBBITESIj/9oACAEBAAEFAscBYZhtOJVEroVmX05XKrxUY9aym/vk49tZ/8QAFxEAAwEAAAAAAAAAAAAAAAAAAAEQEf/aAAgBAwEBPwFG3//EABYRAAMAAAAAAAAAAAAAAAAAAAAQEf/aAAgBAgEBPwEj/8QAHxAAAgEDBQEAAAAAAAAAAAAAAAECEBESISIxMnGR/9oACAEBAAY/At1zbHQ6v6Ra5sYxi/TsWpjJ60xMk1wf/8QAHBABAAMBAQADAAAAAAAAAAAAAQARITFBUWGh/9oACAEBAAE/Ia6scD2LlTwHZkPywaaVlfuYyG9tLeuAAKDCUW132WpFL5BtT4iQUdalFAobP//aAAwDAQACAAMAAAAQy9V+/8QAGREAAgMBAAAAAAAAAAAAAAAAAREAEFGR/9oACAEDAQE/EAUTRy//xAAXEQADAQAAAAAAAAAAAAAAAAAAAREQ/9oACAECAQE/EGUNzP/EAB0QAAICAwEBAQAAAAAAAAAAAAERACExQVFhcYH/2gAIAQEAAT8QWNRg19HUN06kkHbMR0ECiGEZQOYXUMpHzkyH/DAYgwAaAmGAbFZlVMIDNGUpaP8AYczCAsVBUKIGWw+D2f/Z\\" alt=\\"\\" style=\\"position:absolute;top:0;left:0;width:100%;height:100%;object-fit:cover;object-position:center;opacity:0;transition-delay:500ms\\"/><picture><source srcSet=\\"/static/2c594d7889daf83b48d0ad9852ee0925/b95e4/windows-W1N58KDE8r0-unsplash-1-scaled-e1600819839939.jpg 256w,
/static/2c594d7889daf83b48d0ad9852ee0925/1779b/windows-W1N58KDE8r0-unsplash-1-scaled-e1600819839939.jpg 512w,
/static/2c594d7889daf83b48d0ad9852ee0925/87945/windows-W1N58KDE8r0-unsplash-1-scaled-e1600819839939.jpg 1024w,
/static/2c594d7889daf83b48d0ad9852ee0925/6afe2/windows-W1N58KDE8r0-unsplash-1-scaled-e1600819839939.jpg 1536w,
/static/2c594d7889daf83b48d0ad9852ee0925/7865f/windows-W1N58KDE8r0-unsplash-1-scaled-e1600819839939.jpg 1707w\\" sizes=\\"(max-width: 1024px) 100vw, 1024px\\"/><img sizes=\\"(max-width: 1024px) 100vw, 1024px\\" srcSet=\\"/static/2c594d7889daf83b48d0ad9852ee0925/b95e4/windows-W1N58KDE8r0-unsplash-1-scaled-e1600819839939.jpg 256w,
/static/2c594d7889daf83b48d0ad9852ee0925/1779b/windows-W1N58KDE8r0-unsplash-1-scaled-e1600819839939.jpg 512w,
/static/2c594d7889daf83b48d0ad9852ee0925/87945/windows-W1N58KDE8r0-unsplash-1-scaled-e1600819839939.jpg 1024w,
/static/2c594d7889daf83b48d0ad9852ee0925/6afe2/windows-W1N58KDE8r0-unsplash-1-scaled-e1600819839939.jpg 1536w,
/static/2c594d7889daf83b48d0ad9852ee0925/7865f/windows-W1N58KDE8r0-unsplash-1-scaled-e1600819839939.jpg 1707w\\" src=\\"/static/2c594d7889daf83b48d0ad9852ee0925/87945/windows-W1N58KDE8r0-unsplash-1-scaled-e1600819839939.jpg\\" alt=\\"\\" loading=\\"eager\\" style=\\"position:absolute;top:0;left:0;width:100%;height:100%;object-fit:cover;object-position:center;opacity:1;transition:opacity 500ms\\"/></picture><noscript><picture><source srcset=\\"/static/2c594d7889daf83b48d0ad9852ee0925/b95e4/windows-W1N58KDE8r0-unsplash-1-scaled-e1600819839939.jpg 256w,
/static/2c594d7889daf83b48d0ad9852ee0925/1779b/windows-W1N58KDE8r0-unsplash-1-scaled-e1600819839939.jpg 512w,
/static/2c594d7889daf83b48d0ad9852ee0925/87945/windows-W1N58KDE8r0-unsplash-1-scaled-e1600819839939.jpg 1024w,
/static/2c594d7889daf83b48d0ad9852ee0925/6afe2/windows-W1N58KDE8r0-unsplash-1-scaled-e1600819839939.jpg 1536w,
/static/2c594d7889daf83b48d0ad9852ee0925/7865f/windows-W1N58KDE8r0-unsplash-1-scaled-e1600819839939.jpg 1707w\\" sizes=\\"(max-width: 1024px) 100vw, 1024px\\" /><img loading=\\"eager\\" sizes=\\"(max-width: 1024px) 100vw, 1024px\\" srcset=\\"/static/2c594d7889daf83b48d0ad9852ee0925/b95e4/windows-W1N58KDE8r0-unsplash-1-scaled-e1600819839939.jpg 256w,
/static/2c594d7889daf83b48d0ad9852ee0925/1779b/windows-W1N58KDE8r0-unsplash-1-scaled-e1600819839939.jpg 512w,
/static/2c594d7889daf83b48d0ad9852ee0925/87945/windows-W1N58KDE8r0-unsplash-1-scaled-e1600819839939.jpg 1024w,
/static/2c594d7889daf83b48d0ad9852ee0925/6afe2/windows-W1N58KDE8r0-unsplash-1-scaled-e1600819839939.jpg 1536w,
/static/2c594d7889daf83b48d0ad9852ee0925/7865f/windows-W1N58KDE8r0-unsplash-1-scaled-e1600819839939.jpg 1707w\\" src=\\"/static/2c594d7889daf83b48d0ad9852ee0925/87945/windows-W1N58KDE8r0-unsplash-1-scaled-e1600819839939.jpg\\" alt=\\"\\" style=\\"position:absolute;top:0;left:0;opacity:1;width:100%;height:100%;object-fit:cover;object-position:center\\"/></picture></noscript></span></figure>
"
`;

exports[`[gatsby-source-wordpress-experimental] Gatsby image processing transforms inline-html images properly 4`] = `
"<p>Wysiwyh Editor Field test content.</p>
<p>&nbsp;</p>
<h1>H1</h1>
<p><span class=\\"alignnone size-medium wp-image-7756 inline-gatsby-image-wrapper gatsby-image-wrapper\\" style=\\"position:relative;overflow:hidden;max-width:100%;width:300px\\" data-reactroot=\\"\\"><span aria-hidden=\\"true\\" style=\\"width:100%;padding-bottom:66.66666666666667%\\"></span><img aria-hidden=\\"true\\" src=\\"data:image/jpeg;base64,/9j/2wBDABALDA4MChAODQ4SERATGCgaGBYWGDEjJR0oOjM9PDkzODdASFxOQERXRTc4UG1RV19iZ2hnPk1xeXBkeFxlZ2P/2wBDARESEhgVGC8aGi9jQjhCY2NjY2NjY2NjY2NjY2NjY2NjY2NjY2NjY2NjY2NjY2NjY2NjY2NjY2NjY2NjY2NjY2P/wgARCAANABQDASIAAhEBAxEB/8QAGAAAAgMAAAAAAAAAAAAAAAAAAAQBAwX/xAAVAQEBAAAAAAAAAAAAAAAAAAABAP/aAAwDAQACEAMQAAAB1akIFoSC/8QAGhABAAIDAQAAAAAAAAAAAAAAAgARAQMQFP/aAAgBAQABBQKxHtBPpHFmXP/EABYRAAMAAAAAAAAAAAAAAAAAAAABEf/aAAgBAwEBPwGIiP/EABYRAAMAAAAAAAAAAAAAAAAAAAABEf/aAAgBAgEBPwGsrP/EABgQAAIDAAAAAAAAAAAAAAAAAAABIDEy/9oACAEBAAY/ArQzLh//xAAaEAEBAAIDAAAAAAAAAAAAAAABABEhMUFh/9oACAEBAAE/IanwcocXoRaA6Y0L/9oADAMBAAIAAwAAABDb7//EABURAQEAAAAAAAAAAAAAAAAAAABh/9oACAEDAQE/EFJ//8QAFhEBAQEAAAAAAAAAAAAAAAAAABFh/9oACAECAQE/EJNH/8QAHBABAAICAwEAAAAAAAAAAAAAAQARIUExUYHh/9oACAEBAAE/EKz7Qct4US/ZQFYRbgzMXb7GKBsHcbdx3P/Z\\" alt=\\"\\" style=\\"position:absolute;top:0;left:0;width:100%;height:100%;object-fit:cover;object-position:center;opacity:0;transition-delay:500ms\\"/><picture><source srcSet=\\"/static/72f3bac64c682555d9ad2ecceaffe51e/ab49a/1001-5616x3744-1-scaled.jpg 75w,
/static/72f3bac64c682555d9ad2ecceaffe51e/4934c/1001-5616x3744-1-scaled.jpg 150w,
/static/72f3bac64c682555d9ad2ecceaffe51e/37e03/1001-5616x3744-1-scaled.jpg 300w,
/static/72f3bac64c682555d9ad2ecceaffe51e/12ba2/1001-5616x3744-1-scaled.jpg 450w,
/static/72f3bac64c682555d9ad2ecceaffe51e/2a8be/1001-5616x3744-1-scaled.jpg 600w,
/static/72f3bac64c682555d9ad2ecceaffe51e/bb9a8/1001-5616x3744-1-scaled.jpg 2560w\\" sizes=\\"(max-width: 300px) 100vw, 300px\\"/><img sizes=\\"(max-width: 300px) 100vw, 300px\\" srcSet=\\"/static/72f3bac64c682555d9ad2ecceaffe51e/ab49a/1001-5616x3744-1-scaled.jpg 75w,
/static/72f3bac64c682555d9ad2ecceaffe51e/4934c/1001-5616x3744-1-scaled.jpg 150w,
/static/72f3bac64c682555d9ad2ecceaffe51e/37e03/1001-5616x3744-1-scaled.jpg 300w,
/static/72f3bac64c682555d9ad2ecceaffe51e/12ba2/1001-5616x3744-1-scaled.jpg 450w,
/static/72f3bac64c682555d9ad2ecceaffe51e/2a8be/1001-5616x3744-1-scaled.jpg 600w,
/static/72f3bac64c682555d9ad2ecceaffe51e/bb9a8/1001-5616x3744-1-scaled.jpg 2560w\\" src=\\"/static/72f3bac64c682555d9ad2ecceaffe51e/37e03/1001-5616x3744-1-scaled.jpg\\" alt=\\"\\" loading=\\"eager\\" style=\\"position:absolute;top:0;left:0;width:100%;height:100%;object-fit:cover;object-position:center;opacity:1;transition:opacity 500ms\\"/></picture><noscript><picture><source srcset=\\"/static/72f3bac64c682555d9ad2ecceaffe51e/ab49a/1001-5616x3744-1-scaled.jpg 75w,
/static/72f3bac64c682555d9ad2ecceaffe51e/4934c/1001-5616x3744-1-scaled.jpg 150w,
/static/72f3bac64c682555d9ad2ecceaffe51e/37e03/1001-5616x3744-1-scaled.jpg 300w,
/static/72f3bac64c682555d9ad2ecceaffe51e/12ba2/1001-5616x3744-1-scaled.jpg 450w,
/static/72f3bac64c682555d9ad2ecceaffe51e/2a8be/1001-5616x3744-1-scaled.jpg 600w,
/static/72f3bac64c682555d9ad2ecceaffe51e/bb9a8/1001-5616x3744-1-scaled.jpg 2560w\\" sizes=\\"(max-width: 300px) 100vw, 300px\\" /><img loading=\\"eager\\" sizes=\\"(max-width: 300px) 100vw, 300px\\" srcset=\\"/static/72f3bac64c682555d9ad2ecceaffe51e/ab49a/1001-5616x3744-1-scaled.jpg 75w,
/static/72f3bac64c682555d9ad2ecceaffe51e/4934c/1001-5616x3744-1-scaled.jpg 150w,
/static/72f3bac64c682555d9ad2ecceaffe51e/37e03/1001-5616x3744-1-scaled.jpg 300w,
/static/72f3bac64c682555d9ad2ecceaffe51e/12ba2/1001-5616x3744-1-scaled.jpg 450w,
/static/72f3bac64c682555d9ad2ecceaffe51e/2a8be/1001-5616x3744-1-scaled.jpg 600w,
/static/72f3bac64c682555d9ad2ecceaffe51e/bb9a8/1001-5616x3744-1-scaled.jpg 2560w\\" src=\\"/static/72f3bac64c682555d9ad2ecceaffe51e/37e03/1001-5616x3744-1-scaled.jpg\\" alt=\\"\\" style=\\"position:absolute;top:0;left:0;opacity:1;width:100%;height:100%;object-fit:cover;object-position:center\\"/></picture></noscript></span> <span class=\\"alignnone size-medium wp-image-7752 inline-gatsby-image-wrapper gatsby-image-wrapper\\" style=\\"position:relative;overflow:hidden;max-width:100%;width:200px\\" data-reactroot=\\"\\"><span aria-hidden=\\"true\\" style=\\"width:100%;padding-bottom:150%\\"></span><img aria-hidden=\\"true\\" src=\\"data:image/jpeg;base64,/9j/2wBDABALDA4MChAODQ4SERATGCgaGBYWGDEjJR0oOjM9PDkzODdASFxOQERXRTc4UG1RV19iZ2hnPk1xeXBkeFxlZ2P/2wBDARESEhgVGC8aGi9jQjhCY2NjY2NjY2NjY2NjY2NjY2NjY2NjY2NjY2NjY2NjY2NjY2NjY2NjY2NjY2NjY2NjY2P/wgARCAAeABQDASIAAhEBAxEB/8QAGAAAAwEBAAAAAAAAAAAAAAAAAAIEAwH/xAAXAQEBAQEAAAAAAAAAAAAAAAACAAED/9oADAMBAAIQAxAAAAGqaVeSQxGdNutKIpLP/8QAGxAAAgIDAQAAAAAAAAAAAAAAAQIAEQMQEhP/2gAIAQEAAQUC9pkexZheFr0A1us5M6MLa//EABYRAAMAAAAAAAAAAAAAAAAAAAAQEf/aAAgBAwEBPwFw/8QAFhEBAQEAAAAAAAAAAAAAAAAAEQAQ/9oACAECAQE/ATW//8QAGBAAAgMAAAAAAAAAAAAAAAAAACEBIDH/2gAIAQEABj8CFAqYSsr/AP/EABsQAQEBAQADAQAAAAAAAAAAAAEAESFBUWFx/9oACAEBAAE/IXAFkOPtnTrl3OFkyUYQdb+XQi3yvmxCdut//9oADAMBAAIAAwAAABAr1D3/xAAVEQEBAAAAAAAAAAAAAAAAAAAQEf/aAAgBAwEBPxAg/8QAGBEAAgMAAAAAAAAAAAAAAAAAABEBEFH/2gAIAQIBAT8QjQh0/8QAHxABAAICAgIDAAAAAAAAAAAAAQARIUExUWFxkaHB/9oACAEBAAE/EKnVArNdQB7CgeX1HL5lXLWWCsXzLwbMAxBX6gOAO1Cb2KL66qIP4RGF4xOJUy35qptv3e5//9k=\\" alt=\\"\\" style=\\"position:absolute;top:0;left:0;width:100%;height:100%;object-fit:cover;object-position:center;opacity:0;transition-delay:500ms\\"/><picture><source srcSet=\\"/static/512103aa3c375068e3cb8426fe74d180/76112/1003-1181x1772-1.jpg 50w,
/static/512103aa3c375068e3cb8426fe74d180/d634c/1003-1181x1772-1.jpg 100w,
/static/512103aa3c375068e3cb8426fe74d180/16d62/1003-1181x1772-1.jpg 200w,
/static/512103aa3c375068e3cb8426fe74d180/37e03/1003-1181x1772-1.jpg 300w,
/static/512103aa3c375068e3cb8426fe74d180/27ec1/1003-1181x1772-1.jpg 400w,
/static/512103aa3c375068e3cb8426fe74d180/345c8/1003-1181x1772-1.jpg 1181w\\" sizes=\\"(max-width: 200px) 100vw, 200px\\"/><img sizes=\\"(max-width: 200px) 100vw, 200px\\" srcSet=\\"/static/512103aa3c375068e3cb8426fe74d180/76112/1003-1181x1772-1.jpg 50w,
/static/512103aa3c375068e3cb8426fe74d180/d634c/1003-1181x1772-1.jpg 100w,
/static/512103aa3c375068e3cb8426fe74d180/16d62/1003-1181x1772-1.jpg 200w,
/static/512103aa3c375068e3cb8426fe74d180/37e03/1003-1181x1772-1.jpg 300w,
/static/512103aa3c375068e3cb8426fe74d180/27ec1/1003-1181x1772-1.jpg 400w,
/static/512103aa3c375068e3cb8426fe74d180/345c8/1003-1181x1772-1.jpg 1181w\\" src=\\"/static/512103aa3c375068e3cb8426fe74d180/16d62/1003-1181x1772-1.jpg\\" alt=\\"\\" loading=\\"eager\\" style=\\"position:absolute;top:0;left:0;width:100%;height:100%;object-fit:cover;object-position:center;opacity:1;transition:opacity 500ms\\"/></picture><noscript><picture><source srcset=\\"/static/512103aa3c375068e3cb8426fe74d180/76112/1003-1181x1772-1.jpg 50w,
/static/512103aa3c375068e3cb8426fe74d180/d634c/1003-1181x1772-1.jpg 100w,
/static/512103aa3c375068e3cb8426fe74d180/16d62/1003-1181x1772-1.jpg 200w,
/static/512103aa3c375068e3cb8426fe74d180/37e03/1003-1181x1772-1.jpg 300w,
/static/512103aa3c375068e3cb8426fe74d180/27ec1/1003-1181x1772-1.jpg 400w,
/static/512103aa3c375068e3cb8426fe74d180/345c8/1003-1181x1772-1.jpg 1181w\\" sizes=\\"(max-width: 200px) 100vw, 200px\\" /><img loading=\\"eager\\" sizes=\\"(max-width: 200px) 100vw, 200px\\" srcset=\\"/static/512103aa3c375068e3cb8426fe74d180/76112/1003-1181x1772-1.jpg 50w,
/static/512103aa3c375068e3cb8426fe74d180/d634c/1003-1181x1772-1.jpg 100w,
/static/512103aa3c375068e3cb8426fe74d180/16d62/1003-1181x1772-1.jpg 200w,
/static/512103aa3c375068e3cb8426fe74d180/37e03/1003-1181x1772-1.jpg 300w,
/static/512103aa3c375068e3cb8426fe74d180/27ec1/1003-1181x1772-1.jpg 400w,
/static/512103aa3c375068e3cb8426fe74d180/345c8/1003-1181x1772-1.jpg 1181w\\" src=\\"/static/512103aa3c375068e3cb8426fe74d180/16d62/1003-1181x1772-1.jpg\\" alt=\\"\\" style=\\"position:absolute;top:0;left:0;opacity:1;width:100%;height:100%;object-fit:cover;object-position:center\\"/></picture></noscript></span></p>
"
`;

exports[`[gatsby-source-wordpress-experimental] Gatsby image processing transforms inline-html images properly 5`] = `
"<figure class=\\"wp-block-image size-large\\"><span class=\\"wp-image-10515 inline-gatsby-image-wrapper gatsby-image-wrapper\\" style=\\"position:relative;overflow:hidden;max-width:100%;width:683px\\" data-reactroot=\\"\\"><span aria-hidden=\\"true\\" style=\\"width:100%;padding-bottom:149.70760233918128%\\"></span><img aria-hidden=\\"true\\" src=\\"data:image/jpeg;base64,/9j/2wBDABALDA4MChAODQ4SERATGCgaGBYWGDEjJR0oOjM9PDkzODdASFxOQERXRTc4UG1RV19iZ2hnPk1xeXBkeFxlZ2P/2wBDARESEhgVGC8aGi9jQjhCY2NjY2NjY2NjY2NjY2NjY2NjY2NjY2NjY2NjY2NjY2NjY2NjY2NjY2NjY2NjY2NjY2P/wgARCAAeABQDASIAAhEBAxEB/8QAGAAAAwEBAAAAAAAAAAAAAAAAAAMFAgT/xAAVAQEBAAAAAAAAAAAAAAAAAAABAP/aAAwDAQACEAMQAAABa+cwu0yNK1PYPSTiP//EABsQAAIDAQEBAAAAAAAAAAAAAAECAAMSEQQi/9oACAEBAAEFAlUwIGmDPStrzz0lI9v09pdrLW7vUDcOzOz/xAAUEQEAAAAAAAAAAAAAAAAAAAAg/9oACAEDAQE/AR//xAAUEQEAAAAAAAAAAAAAAAAAAAAg/9oACAECAQE/AR//xAAcEAACAgIDAAAAAAAAAAAAAAAAEQEhAhAxcYH/2gAIAQEABj8C41RFV2PKvSiBMYx6/8QAHBABAAMAAwEBAAAAAAAAAAAAAQARITFRgUFx/9oACAEBAAE/Ie3ycBO0BEAeNLY0E51If41+RAzHAgarB5MiFAcksVOvMsOM/9oADAMBAAIAAwAAABA4B7L/xAAVEQEBAAAAAAAAAAAAAAAAAAABEP/aAAgBAwEBPxCCT//EABURAQEAAAAAAAAAAAAAAAAAABAB/9oACAECAQE/ECn/xAAdEAEAAwEAAwEBAAAAAAAAAAABABEhMUFRcWGh/9oACAEBAAE/ENiidNclYUb9QroN4TYnYGBQbql+JtKncG8DZeiqz6iyFQpTb/stIa8sX+jswD009MbWls+welvV7uLlhb4n/9k=\\" alt=\\"\\" style=\\"position:absolute;top:0;left:0;width:100%;height:100%;object-fit:cover;object-position:center;opacity:0;transition-delay:500ms\\"/><picture><source srcSet=\\"/static/692883c30b67d3946b6fd3eea439d8be/e1745/jessie-mccall-a9_8YKoqIYo-unsplash-scaled.jpg 171w,
/static/692883c30b67d3946b6fd3eea439d8be/3fecb/jessie-mccall-a9_8YKoqIYo-unsplash-scaled.jpg 342w,
/static/692883c30b67d3946b6fd3eea439d8be/5a620/jessie-mccall-a9_8YKoqIYo-unsplash-scaled.jpg 683w,
/static/692883c30b67d3946b6fd3eea439d8be/d4899/jessie-mccall-a9_8YKoqIYo-unsplash-scaled.jpg 1025w,
/static/692883c30b67d3946b6fd3eea439d8be/223ef/jessie-mccall-a9_8YKoqIYo-unsplash-scaled.jpg 1366w,
/static/692883c30b67d3946b6fd3eea439d8be/7865f/jessie-mccall-a9_8YKoqIYo-unsplash-scaled.jpg 1707w\\" sizes=\\"(max-width: 683px) 100vw, 683px\\"/><img sizes=\\"(max-width: 683px) 100vw, 683px\\" srcSet=\\"/static/692883c30b67d3946b6fd3eea439d8be/e1745/jessie-mccall-a9_8YKoqIYo-unsplash-scaled.jpg 171w,
/static/692883c30b67d3946b6fd3eea439d8be/3fecb/jessie-mccall-a9_8YKoqIYo-unsplash-scaled.jpg 342w,
/static/692883c30b67d3946b6fd3eea439d8be/5a620/jessie-mccall-a9_8YKoqIYo-unsplash-scaled.jpg 683w,
/static/692883c30b67d3946b6fd3eea439d8be/d4899/jessie-mccall-a9_8YKoqIYo-unsplash-scaled.jpg 1025w,
/static/692883c30b67d3946b6fd3eea439d8be/223ef/jessie-mccall-a9_8YKoqIYo-unsplash-scaled.jpg 1366w,
/static/692883c30b67d3946b6fd3eea439d8be/7865f/jessie-mccall-a9_8YKoqIYo-unsplash-scaled.jpg 1707w\\" src=\\"/static/692883c30b67d3946b6fd3eea439d8be/5a620/jessie-mccall-a9_8YKoqIYo-unsplash-scaled.jpg\\" alt=\\"\\" loading=\\"eager\\" style=\\"position:absolute;top:0;left:0;width:100%;height:100%;object-fit:cover;object-position:center;opacity:1;transition:opacity 500ms\\"/></picture><noscript><picture><source srcset=\\"/static/692883c30b67d3946b6fd3eea439d8be/e1745/jessie-mccall-a9_8YKoqIYo-unsplash-scaled.jpg 171w,
/static/692883c30b67d3946b6fd3eea439d8be/3fecb/jessie-mccall-a9_8YKoqIYo-unsplash-scaled.jpg 342w,
/static/692883c30b67d3946b6fd3eea439d8be/5a620/jessie-mccall-a9_8YKoqIYo-unsplash-scaled.jpg 683w,
/static/692883c30b67d3946b6fd3eea439d8be/d4899/jessie-mccall-a9_8YKoqIYo-unsplash-scaled.jpg 1025w,
/static/692883c30b67d3946b6fd3eea439d8be/223ef/jessie-mccall-a9_8YKoqIYo-unsplash-scaled.jpg 1366w,
/static/692883c30b67d3946b6fd3eea439d8be/7865f/jessie-mccall-a9_8YKoqIYo-unsplash-scaled.jpg 1707w\\" sizes=\\"(max-width: 683px) 100vw, 683px\\" /><img loading=\\"eager\\" sizes=\\"(max-width: 683px) 100vw, 683px\\" srcset=\\"/static/692883c30b67d3946b6fd3eea439d8be/e1745/jessie-mccall-a9_8YKoqIYo-unsplash-scaled.jpg 171w,
/static/692883c30b67d3946b6fd3eea439d8be/3fecb/jessie-mccall-a9_8YKoqIYo-unsplash-scaled.jpg 342w,
/static/692883c30b67d3946b6fd3eea439d8be/5a620/jessie-mccall-a9_8YKoqIYo-unsplash-scaled.jpg 683w,
/static/692883c30b67d3946b6fd3eea439d8be/d4899/jessie-mccall-a9_8YKoqIYo-unsplash-scaled.jpg 1025w,
/static/692883c30b67d3946b6fd3eea439d8be/223ef/jessie-mccall-a9_8YKoqIYo-unsplash-scaled.jpg 1366w,
/static/692883c30b67d3946b6fd3eea439d8be/7865f/jessie-mccall-a9_8YKoqIYo-unsplash-scaled.jpg 1707w\\" src=\\"/static/692883c30b67d3946b6fd3eea439d8be/5a620/jessie-mccall-a9_8YKoqIYo-unsplash-scaled.jpg\\" alt=\\"\\" style=\\"position:absolute;top:0;left:0;opacity:1;width:100%;height:100%;object-fit:cover;object-position:center\\"/></picture></noscript></span></figure>
"
`;
